strugeefndmsxrgmb4zbebvznkaz42khllpjuvbzuhzkrnwwt3lt5pad.onion strugee.net
bugzilla.strugeefndmsxrgmb4zbebvznkaz42khllpjuvbzuhzkrnwwt3lt5pad.onion bugzilla.strugee.net
cloud.strugeefndmsxrgmb4zbebvznkaz42khllpjuvbzuhzkrnwwt3lt5pad.onion cloud.strugee.net
cockpit.strugeefndmsxrgmb4zbebvznkaz42khllpjuvbzuhzkrnwwt3lt5pad.onion cockpit.strugee.net
collaboraonline.strugeefndmsxrgmb4zbebvznkaz42khllpjuvbzuhzkrnwwt3lt5pad.onion collaboraonline.strugee.net
etherpad.strugeefndmsxrgmb4zbebvznkaz42khllpjuvbzuhzkrnwwt3lt5pad.onion etherpad.strugee.net
framadate.strugeefndmsxrgmb4zbebvznkaz42khllpjuvbzuhzkrnwwt3lt5pad.onion framadate.strugee.net
gradlebot.strugeefndmsxrgmb4zbebvznkaz42khllpjuvbzuhzkrnwwt3lt5pad.onion gradlebot.strugee.net
huginn.strugeefndmsxrgmb4zbebvznkaz42khllpjuvbzuhzkrnwwt3lt5pad.onion huginn.strugee.net
lists.strugeefndmsxrgmb4zbebvznkaz42khllpjuvbzuhzkrnwwt3lt5pad.onion lists.strugee.net
mail.strugeefndmsxrgmb4zbebvznkaz42khllpjuvbzuhzkrnwwt3lt5pad.onion mail.strugee.net
minecraft.strugeefndmsxrgmb4zbebvznkaz42khllpjuvbzuhzkrnwwt3lt5pad.onion minecraft.strugee.net
null.strugeefndmsxrgmb4zbebvznkaz42khllpjuvbzuhzkrnwwt3lt5pad.onion null.strugee.net
onlyoffice.strugeefndmsxrgmb4zbebvznkaz42khllpjuvbzuhzkrnwwt3lt5pad.onion onlyoffice.strugee.net
owntracks.strugeefndmsxrgmb4zbebvznkaz42khllpjuvbzuhzkrnwwt3lt5pad.onion owntracks.strugee.net
pages.strugeefndmsxrgmb4zbebvznkaz42khllpjuvbzuhzkrnwwt3lt5pad.onion pages.strugee.net
people.strugeefndmsxrgmb4zbebvznkaz42khllpjuvbzuhzkrnwwt3lt5pad.onion people.strugee.net
piwik.strugeefndmsxrgmb4zbebvznkaz42khllpjuvbzuhzkrnwwt3lt5pad.onion piwik.strugee.net
pumabot.strugeefndmsxrgmb4zbebvznkaz42khllpjuvbzuhzkrnwwt3lt5pad.onion pumabot.strugee.net
pumpstatus.strugeefndmsxrgmb4zbebvznkaz42khllpjuvbzuhzkrnwwt3lt5pad.onion pumpstatus.strugee.net
ssh.strugeefndmsxrgmb4zbebvznkaz42khllpjuvbzuhzkrnwwt3lt5pad.onion ssh.strugee.net
tumblr.strugeefndmsxrgmb4zbebvznkaz42khllpjuvbzuhzkrnwwt3lt5pad.onion tumblr.strugee.net
tumblr.strugeefndmsxrgmb4zbebvznkaz42khllpjuvbzuhzkrnwwt3lt5pad.onion tumblr.strugee.net
u.strugeefndmsxrgmb4zbebvznkaz42khllpjuvbzuhzkrnwwt3lt5pad.onion u.strugee.net
util.strugeefndmsxrgmb4zbebvznkaz42khllpjuvbzuhzkrnwwt3lt5pad.onion util.strugee.net
wiki.strugeefndmsxrgmb4zbebvznkaz42khllpjuvbzuhzkrnwwt3lt5pad.onion wiki.strugee.net
www.strugeefndmsxrgmb4zbebvznkaz42khllpjuvbzuhzkrnwwt3lt5pad.onion www.strugee.net
znc.strugeefndmsxrgmb4zbebvznkaz42khllpjuvbzuhzkrnwwt3lt5pad.onion znc.strugee.net
